################################################################################
#                                                                              #
#      IAR Universal Linker V4.60I/386                                         #
#                                                                              #
#           Link time     =  15/Feb/2011  11:37:23                             #
#           Target CPU    =  ARM                                               #
#           List file     =  "D:\Phone\Elfs\Anoying Alarm\Release\List\Anoying #
#                            Alarm.map"                                        #
#           Output file 1 =  "D:\Phone\Elfs\Anoying Alarm\Release\Exe\AnoyingA #
#                            larm.elf"                                         #
#                            Format: elf, variant: -ynpra                      #
#           Command line  =  "D:\Phone\Elfs\Anoying Alarm\Release\Obj\_cpp2.r7 #
#                            9"                                                #
#                            "D:\Phone\Elfs\Anoying Alarm\Release\Obj\conf_loa #
#                            der.r79"                                          #
#                            "D:\Phone\Elfs\Anoying Alarm\Release\Obj\config_d #
#                            ata.r79"                                          #
#                            "D:\Phone\Elfs\Anoying Alarm\Release\Obj\func.r79 #
#                            "                                                 #
#                            "D:\Phone\Elfs\Anoying Alarm\Release\Obj\main.r79 #
#                            "                                                 #
#                            -o                                                #
#                            "D:\Phone\Elfs\Anoying Alarm\Release\Exe\AnoyingA #
#                            larm.elf"                                         #
#                            -Felf -l                                          #
#                            "D:\Phone\Elfs\Anoying Alarm\Release\List\Anoying #
#                            Alarm.map"                                        #
#                            -xms                                              #
#                            "-ID:\Phone\IAR\Embedded Workbench 4.0 Evaluation #
#                            \ARM\LIB\"                                        #
#                            -f                                                #
#                            "D:\Phone\Elfs\Anoying Alarm\..\include\1.xcl"    #
#                            (-carm -ynpra -V(CODE)CODE_AREA,12                #
#                            -V(DATA)DATA_AREA,12                              #
#                            -Z(CODE_AREA)ELFBEGIN,DATA_ID,START,CODE,DATA_C,I #
#                            NITTAB,DATA_Z,DATA_N,CONFIG_C,DYN_CONST,DYN_CONST #
#                            _DESC,DYN_PAGE,DYN_PAGE_DESC=0-FFFFFFFF           #
#                            -Z(DATA_AREA)DATA_I=0-FFFFFFFF) -n                #
#                            "D:\Phone\IAR\Embedded Workbench 4.0 Evaluation\A #
#                            RM\LIB\dl5tpainl8n.r79"                           #
#                            -s main                                           #
#                                                                              #
#                        Copyright 1987-2007 IAR Systems. All rights reserved. #
################################################################################





                ****************************************
                *                                      *
                *           CROSS REFERENCE            *
                *                                      *
                ****************************************

       Program entry at : CODE_AREA 00000714  Relocatable, from module : main




                ****************************************
                *                                      *
                *            RUNTIME MODEL             *
                *                                      *
                ****************************************

  ARMv4M                 = USED
  ARMv4T                 = USED
  ARMv5T                 = USED
  StackAlign4            = USED
  __cpu_mode             = __pcs__interwork
  __data_model           = absolute
  __dlib_file_descriptor = 1
  __endian               = little
  __rt_version           = 6



                ****************************************
                *                                      *
                *              MODULE MAP              *
                *                                      *
                ****************************************


  DEFINED ABSOLUTE ENTRIES
    *************************************************************************

  DEFINED ABSOLUTE ENTRIES
    *************************************************************************

  FILE NAME : D:\Phone\Elfs\Anoying Alarm\Release\Obj\_cpp2.r79
  PROGRAM MODULE, NAME : _cpp2

  SEGMENTS IN THE MODULE
  ======================
CODE
  Relative segment, address: CODE_AREA 00000024 - 0000002F (0xc bytes), align: 2
  Segment part 3.
           ENTRY                   ADDRESS         REF BY
           =====                   =======         ======
           operator new(size_t)    00000024        main (main)
               stack 1 = 00000000 ( 00000004 )
    -------------------------------------------------------------------------
CODE
  Relative segment, address: CODE_AREA 00000030 - 0000003B (0xc bytes), align: 2
  Segment part 5.
           ENTRY                   ADDRESS         REF BY
           =====                   =======         ======
           operator new[](size_t)
                                   00000030        CreateQuestion() (main)
                                                   LoadConfigData(wchar_t const *, wchar_t const *) (conf_loader)
               stack 1 = 00000000 ( 00000004 )
    -------------------------------------------------------------------------
CODE
  Relative segment, address: CODE_AREA 0000003C - 00000047 (0xc bytes), align: 2
  Segment part 7.
           ENTRY                   ADDRESS         REF BY
           =====                   =======         ======
           operator delete(void *)
                                   0000003C        CreateQuestion() (main)
                                                   LoadConfigData(wchar_t const *, wchar_t const *) (conf_loader)
               stack 1 = 00000000 ( 00000004 )

    *************************************************************************

  FILE NAME : D:\Phone\Elfs\Anoying Alarm\Release\Obj\conf_loader.r79
  PROGRAM MODULE, NAME : conf_loader

  SEGMENTS IN THE MODULE
  ======================
DATA_I
  Relative segment, address: DATA_AREA 00000000 - 00000007 (0x8 bytes), align: 2
  Segment part 4.             Intra module refs:   LoadConfigData(wchar_t const *, wchar_t const *)
           ENTRY                   ADDRESS         REF BY
           =====                   =======         ======
           successed_config_name   00000004        Segment part 48 (main)
           successed_config_path   00000000        Segment part 47 (main)
    -------------------------------------------------------------------------
CODE
  Relative segment, address: CODE_AREA 00000048 - 00000163 (0x11c bytes), align: 2
  Segment part 7.             Intra module refs:   InitConfig()
           ENTRY                   ADDRESS         REF BY
           =====                   =======         ======
           LoadConfigData(wchar_t const *, wchar_t const *)
                                   00000048 
               stack 1 = 00000000 ( 00000040 )
    -------------------------------------------------------------------------
CODE
  Relative segment, address: CODE_AREA 00000164 - 00000197 (0x34 bytes), align: 2
  Segment part 9.
           ENTRY                   ADDRESS         REF BY
           =====                   =======         ======
           InitConfig()            00000164        ReconfigElf(void *, BOOK_ *) (main)
                                                   main (main)
               stack 1 = 00000000 ( 00000004 )
    -------------------------------------------------------------------------
DATA_ID
  Relative segment, address: CODE_AREA 00000000 - 00000007 (0x8 bytes), align: 2
  Segment part 5.             Intra module refs:   Segment part 4
    -------------------------------------------------------------------------
INITTAB
  Relative segment, address: CODE_AREA 00000954 - 0000095F (0xc bytes), align: 2
  Segment part 13. ROOT.
           ENTRY                   ADDRESS         REF BY
           =====                   =======         ======
           ?init?tab?DATA_I        00000954 
    -------------------------------------------------------------------------
DATA_C
  Relative segment, address: CODE_AREA 00000950 - 00000951 (0x2 bytes), align: 1
  Segment part 2.             Intra module refs:   Segment part 5
    -------------------------------------------------------------------------
DATA_C
  Relative segment, address: CODE_AREA 000007E8 - 0000080B (0x24 bytes), align: 2
  Segment part 3.             Intra module refs:   InitConfig()

    *************************************************************************

  FILE NAME : D:\Phone\Elfs\Anoying Alarm\Release\Obj\config_data.r79
  PROGRAM MODULE, NAME : config_data

  SEGMENTS IN THE MODULE
  ======================
CONFIG_C
  Relative segment, address: CODE_AREA 00000960 - 0000098B (0x2c bytes), align: 2
  Segment part 2. ROOT.
    -------------------------------------------------------------------------
CONFIG_C
  Relative segment, address: CODE_AREA 0000098C - 0000098F (0x4 bytes), align: 2
  Segment part 3. ROOT.
           ENTRY                   ADDRESS         REF BY
           =====                   =======         ======
           NUMBER_OF_QUESTIONS     0000098C        Segment part 39 (main)
    -------------------------------------------------------------------------
CONFIG_C
  Relative segment, address: CODE_AREA 00000990 - 000009BB (0x2c bytes), align: 2
  Segment part 4. ROOT.
    -------------------------------------------------------------------------
CONFIG_C
  Relative segment, address: CODE_AREA 000009BC - 000009E7 (0x2c bytes), align: 2
  Segment part 5. ROOT.
    -------------------------------------------------------------------------
CONFIG_C
  Relative segment, address: CODE_AREA 000009E8 - 00000A13 (0x2c bytes), align: 2
  Segment part 6. ROOT.
    -------------------------------------------------------------------------
CONFIG_C
  Relative segment, address: CODE_AREA 00000A14 - 00000A67 (0x54 bytes), align: 2
  Segment part 7. ROOT.
           ENTRY                   ADDRESS         REF BY
           =====                   =======         ======
           BCFG_QuestionMessages_QuestionOne
                                   00000A14        Segment part 5 (main)
    -------------------------------------------------------------------------
CONFIG_C
  Relative segment, address: CODE_AREA 00000A68 - 00000A93 (0x2c bytes), align: 2
  Segment part 8. ROOT.
    -------------------------------------------------------------------------
CONFIG_C
  Relative segment, address: CODE_AREA 00000A94 - 00000A97 (0x4 bytes), align: 2
  Segment part 9. ROOT.
           ENTRY                   ADDRESS         REF BY
           =====                   =======         ======
           BCFG_QuestionOne_RightAnswer
                                   00000A94        verifyQuestion(int, int) (main)
    -------------------------------------------------------------------------
CONFIG_C
  Relative segment, address: CODE_AREA 00000A98 - 00000AD7 (0x40 bytes), align: 2
  Segment part 10. ROOT.
    -------------------------------------------------------------------------
CONFIG_C
  Relative segment, address: CODE_AREA 00000AD8 - 00000B03 (0x2c bytes), align: 2
  Segment part 11. ROOT.
    -------------------------------------------------------------------------
CONFIG_C
  Relative segment, address: CODE_AREA 00000B04 - 00000B2F (0x2c bytes), align: 2
  Segment part 12. ROOT.
    -------------------------------------------------------------------------
CONFIG_C
  Relative segment, address: CODE_AREA 00000B30 - 00000B5B (0x2c bytes), align: 2
  Segment part 13. ROOT.
    -------------------------------------------------------------------------
CONFIG_C
  Relative segment, address: CODE_AREA 00000B5C - 00000BAF (0x54 bytes), align: 2
  Segment part 14. ROOT.
           ENTRY                   ADDRESS         REF BY
           =====                   =======         ======
           BCFG_QuestionMessages_QuestionTwo
                                   00000B5C        Segment part 5 (main)
    -------------------------------------------------------------------------
CONFIG_C
  Relative segment, address: CODE_AREA 00000BB0 - 00000BDB (0x2c bytes), align: 2
  Segment part 15. ROOT.
    -------------------------------------------------------------------------
CONFIG_C
  Relative segment, address: CODE_AREA 00000BDC - 00000BDF (0x4 bytes), align: 2
  Segment part 16. ROOT.
           ENTRY                   ADDRESS         REF BY
           =====                   =======         ======
           BCFG_QuestionTwo_RightAnswer
                                   00000BDC        verifyQuestion(int, int) (main)
    -------------------------------------------------------------------------
CONFIG_C
  Relative segment, address: CODE_AREA 00000BE0 - 00000C1F (0x40 bytes), align: 2
  Segment part 17. ROOT.
    -------------------------------------------------------------------------
CONFIG_C
  Relative segment, address: CODE_AREA 00000C20 - 00000C4B (0x2c bytes), align: 2
  Segment part 18. ROOT.
    -------------------------------------------------------------------------
CONFIG_C
  Relative segment, address: CODE_AREA 00000C4C - 00000C77 (0x2c bytes), align: 2
  Segment part 19. ROOT.
    -------------------------------------------------------------------------
CONFIG_C
  Relative segment, address: CODE_AREA 00000C78 - 00000CA3 (0x2c bytes), align: 2
  Segment part 20. ROOT.
    -------------------------------------------------------------------------
CONFIG_C
  Relative segment, address: CODE_AREA 00000CA4 - 00000CF7 (0x54 bytes), align: 2
  Segment part 21. ROOT.
           ENTRY                   ADDRESS         REF BY
           =====                   =======         ======
           BCFG_QuestionMessages_QuestionThree
                                   00000CA4        Segment part 5 (main)
    -------------------------------------------------------------------------
CONFIG_C
  Relative segment, address: CODE_AREA 00000CF8 - 00000D23 (0x2c bytes), align: 2
  Segment part 22. ROOT.
    -------------------------------------------------------------------------
CONFIG_C
  Relative segment, address: CODE_AREA 00000D24 - 00000D27 (0x4 bytes), align: 2
  Segment part 23. ROOT.
           ENTRY                   ADDRESS         REF BY
           =====                   =======         ======
           BCFG_QuestionThree_RightAnswer
                                   00000D24        verifyQuestion(int, int) (main)
    -------------------------------------------------------------------------
CONFIG_C
  Relative segment, address: CODE_AREA 00000D28 - 00000D67 (0x40 bytes), align: 2
  Segment part 24. ROOT.
    -------------------------------------------------------------------------
CONFIG_C
  Relative segment, address: CODE_AREA 00000D68 - 00000D93 (0x2c bytes), align: 2
  Segment part 25. ROOT.
    -------------------------------------------------------------------------
CONFIG_C
  Relative segment, address: CODE_AREA 00000D94 - 00000DBF (0x2c bytes), align: 2
  Segment part 26. ROOT.
    -------------------------------------------------------------------------
CONFIG_C
  Relative segment, address: CODE_AREA 00000DC0 - 00000DEB (0x2c bytes), align: 2
  Segment part 27. ROOT.
    -------------------------------------------------------------------------
CONFIG_C
  Relative segment, address: CODE_AREA 00000DEC - 00000E3F (0x54 bytes), align: 2
  Segment part 28. ROOT.
           ENTRY                   ADDRESS         REF BY
           =====                   =======         ======
           BCFG_QuestionMessages_QuestionFour
                                   00000DEC        Segment part 5 (main)
    -------------------------------------------------------------------------
CONFIG_C
  Relative segment, address: CODE_AREA 00000E40 - 00000E6B (0x2c bytes), align: 2
  Segment part 29. ROOT.
    -------------------------------------------------------------------------
CONFIG_C
  Relative segment, address: CODE_AREA 00000E6C - 00000E6F (0x4 bytes), align: 2
  Segment part 30. ROOT.
           ENTRY                   ADDRESS         REF BY
           =====                   =======         ======
           BCFG_QuestionFour_RightAnswer
                                   00000E6C        verifyQuestion(int, int) (main)
    -------------------------------------------------------------------------
CONFIG_C
  Relative segment, address: CODE_AREA 00000E70 - 00000EAF (0x40 bytes), align: 2
  Segment part 31. ROOT.
    -------------------------------------------------------------------------
CONFIG_C
  Relative segment, address: CODE_AREA 00000EB0 - 00000EDB (0x2c bytes), align: 2
  Segment part 32. ROOT.
    -------------------------------------------------------------------------
CONFIG_C
  Relative segment, address: CODE_AREA 00000EDC - 00000F07 (0x2c bytes), align: 2
  Segment part 33. ROOT.
    -------------------------------------------------------------------------
CONFIG_C
  Relative segment, address: CODE_AREA 00000F08 - 00000F33 (0x2c bytes), align: 2
  Segment part 34. ROOT.
    -------------------------------------------------------------------------
CONFIG_C
  Relative segment, address: CODE_AREA 00000F34 - 00000F87 (0x54 bytes), align: 2
  Segment part 35. ROOT.
           ENTRY                   ADDRESS         REF BY
           =====                   =======         ======
           BCFG_QuestionMessages_QuestionFive
                                   00000F34        Segment part 5 (main)
    -------------------------------------------------------------------------
CONFIG_C
  Relative segment, address: CODE_AREA 00000F88 - 00000FB3 (0x2c bytes), align: 2
  Segment part 36. ROOT.
    -------------------------------------------------------------------------
CONFIG_C
  Relative segment, address: CODE_AREA 00000FB4 - 00000FB7 (0x4 bytes), align: 2
  Segment part 37. ROOT.
           ENTRY                   ADDRESS         REF BY
           =====                   =======         ======
           BCFG_QuestionFive_RightAnswer
                                   00000FB4        verifyQuestion(int, int) (main)
    -------------------------------------------------------------------------
CONFIG_C
  Relative segment, address: CODE_AREA 00000FB8 - 00000FF7 (0x40 bytes), align: 2
  Segment part 38. ROOT.
    -------------------------------------------------------------------------
CONFIG_C
  Relative segment, address: CODE_AREA 00000FF8 - 00001023 (0x2c bytes), align: 2
  Segment part 39. ROOT.
    -------------------------------------------------------------------------
CONFIG_C
  Relative segment, address: CODE_AREA 00001024 - 0000104F (0x2c bytes), align: 2
  Segment part 40. ROOT.
    -------------------------------------------------------------------------
CONFIG_C
  Relative segment, address: CODE_AREA 00001050 - 0000107B (0x2c bytes), align: 2
  Segment part 41. ROOT.
    -------------------------------------------------------------------------
CONFIG_C
  Relative segment, address: CODE_AREA 0000107C - 0000107F (0x4 bytes), align: 2
  Segment part 42. ROOT.
           ENTRY                   ADDRESS         REF BY
           =====                   =======         ======
           BCFG_ExitAfterAlarmStops
                                   0000107C        loopQuestion() (main)
    -------------------------------------------------------------------------
CONFIG_C
  Relative segment, address: CODE_AREA 00001080 - 000010BF (0x40 bytes), align: 2
  Segment part 43. ROOT.

    *************************************************************************

  FILE NAME : D:\Phone\Elfs\Anoying Alarm\Release\Obj\func.r79
  PROGRAM MODULE, NAME : func

  SEGMENTS IN THE MODULE
  ======================
ELFBEGIN
  Relative segment, address: CODE_AREA 00000000, align: 0
  Segment part 0. ROOT.
           ENTRY                   ADDRESS         REF BY
           =====                   =======         ======
           ELF_BEGIN               00000000        elf_exit() (main)
    -------------------------------------------------------------------------
CODE
  Relative segment, address: CODE_AREA 00000198 - 000001AF (0x18 bytes), align: 2
  Segment part 1. ROOT.
           ENTRY                   ADDRESS         REF BY
           =====                   =======         ======
           kill_data               00000198        elf_exit() (main)
           seqkill                 0000019C 
           ASYNC                   000001AC 
           SYNC                    000001A8 
    -------------------------------------------------------------------------
DYN_CONST
  Relative segment, address: CODE_AREA 000010C0 - 000010C3 (0x4 bytes), align: 2
  Segment part 527.
           ENTRY                   ADDRESS         REF BY
           =====                   =======         ======
           VAR_ARG_BOOK            000010C0        CreateQuestion() (main)
    -------------------------------------------------------------------------
DYN_CONST
  Relative segment, address: CODE_AREA 000010C4 - 000010C7 (0x4 bytes), align: 2
  Segment part 544.
           ENTRY                   ADDRESS         REF BY
           =====                   =======         ======
           VAR_ARG_YESNO_PRE_QUESTION
                                   000010C4        CreateQuestion() (main)
    -------------------------------------------------------------------------
DYN_CONST
  Relative segment, address: CODE_AREA 000010C8 - 000010CB (0x4 bytes), align: 2
  Segment part 545.
           ENTRY                   ADDRESS         REF BY
           =====                   =======         ======
           VAR_ARG_YESNO_QUESTION
                                   000010C8        CreateQuestion() (main)
    -------------------------------------------------------------------------
DYN_CONST
  Relative segment, address: CODE_AREA 000010CC - 000010CF (0x4 bytes), align: 2
  Segment part 546.
           ENTRY                   ADDRESS         REF BY
           =====                   =======         ======
           VAR_ARG_YESNO_YES_ACTION
                                   000010CC        CreateQuestion() (main)
    -------------------------------------------------------------------------
DYN_CONST
  Relative segment, address: CODE_AREA 000010D0 - 000010D3 (0x4 bytes), align: 2
  Segment part 547.
           ENTRY                   ADDRESS         REF BY
           =====                   =======         ======
           VAR_ARG_YESNO_NO_ACTION
                                   000010D0        CreateQuestion() (main)
    -------------------------------------------------------------------------
DYN_CONST_DESC
  Relative segment, address: CODE_AREA 000010D4 - 000010D7 (0x4 bytes), align: 2
  Segment part 561. ROOT.
    -------------------------------------------------------------------------
DYN_PAGE
  Relative segment, address: CODE_AREA 000010D8, align: 2
  Segment part 562.
    -------------------------------------------------------------------------
DYN_PAGE_DESC
  Relative segment, address: CODE_AREA 00001100 - 00001103 (0x4 bytes), align: 2
  Segment part 563. ROOT.

    *************************************************************************

  FILE NAME : D:\Phone\Elfs\Anoying Alarm\Release\Obj\main.r79
  PROGRAM MODULE, NAME : main

  SEGMENTS IN THE MODULE
  ======================
CODE
  Relative segment, address: CODE_AREA 000001B0 - 000001C3 (0x14 bytes), align: 2
  Segment part 13.            Intra module refs:   Segment part 11
           ENTRY                   ADDRESS         REF BY
           =====                   =======         ======
           TerminateElf(void *, BOOK_ *)
                                   000001B0 
               stack 1 = 00000000 ( 00000004 )
    -------------------------------------------------------------------------
CODE
  Relative segment, address: CODE_AREA 000001C4 - 000001FB (0x38 bytes), align: 2
  Segment part 15.            Intra module refs:   Segment part 54
           ENTRY                   ADDRESS         REF BY
           =====                   =======         ======
           onTimer(u16, void *)    000001C4 
               stack 1 = 00000000 ( 00000004 )
    -------------------------------------------------------------------------
CODE
  Relative segment, address: CODE_AREA 000001FC - 000002DF (0xe4 bytes), align: 2
  Segment part 17.            Intra module refs:   Segment part 11
           ENTRY                   ADDRESS         REF BY
           =====                   =======         ======
           onBcfgConfig(void *, BOOK_ *)
                                   000001FC 
               stack 1 = 00000000 ( 00000228 )
    -------------------------------------------------------------------------
CODE
  Relative segment, address: CODE_AREA 000002E0 - 0000032F (0x50 bytes), align: 2
  Segment part 19.            Intra module refs:   Segment part 11
           ENTRY                   ADDRESS         REF BY
           =====                   =======         ======
           ShowAuthorInfo(void *, BOOK_ *)
                                   000002E0 
               stack 1 = 00000000 ( 00000014 )
    -------------------------------------------------------------------------
DYN_PAGE
  Relative segment, address: CODE_AREA 000010D8 - 000010FF (0x28 bytes), align: 2
  Segment part 11.            Intra module refs:   Segment part 10
    -------------------------------------------------------------------------
DATA_I
  Relative segment, address: DATA_AREA 00000008 - 00000023 (0x1c bytes), align: 2
  Segment part 9.             Intra module refs:   Segment part 35
                                                   Segment part 38
                                                   Segment part 52
                                                   loopQuestion()
           ENTRY                   ADDRESS         REF BY
           =====                   =======         ======
           AABook                  0000000C 
           base_page               00000018 
           contador                00000014 
           teste                   00000010 
           timer                   00000008 
    -------------------------------------------------------------------------
CODE
  Relative segment, address: CODE_AREA 00000330 - 0000034B (0x1c bytes), align: 2
  Segment part 21.            Intra module refs:   Segment part 51
           ENTRY                   ADDRESS         REF BY
           =====                   =======         ======
           elf_exit()              00000330 
               stack 1 = 00000000 ( 00000004 )
    -------------------------------------------------------------------------
CODE
  Relative segment, address: CODE_AREA 0000034C - 0000036B (0x20 bytes), align: 2
  Segment part 23.            Intra module refs:   main
           ENTRY                   ADDRESS         REF BY
           =====                   =======         ======
           onCloseAABook(BOOK_ *)
                                   0000034C 
               stack 1 = 00000000 ( 00000004 )
    -------------------------------------------------------------------------
CODE
  Relative segment, address: CODE_AREA 0000036C - 000003E3 (0x78 bytes), align: 2
  Segment part 25.            Intra module refs:   OnYes(BOOK_ *, void *)
                                                   Onno(BOOK_ *, void *)
           ENTRY                   ADDRESS         REF BY
           =====                   =======         ======
           loopQuestion()          0000036C 
               stack 1 = 00000000 ( 00000008 )
    -------------------------------------------------------------------------
CODE
  Relative segment, address: CODE_AREA 000003E4 - 00000453 (0x70 bytes), align: 2
  Segment part 27.            Intra module refs:   OnYes(BOOK_ *, void *)
                                                   Onno(BOOK_ *, void *)
           ENTRY                   ADDRESS         REF BY
           =====                   =======         ======
           verifyQuestion(int, int)
                                   000003E4 
               stack 1 = 00000000 ( 00000014 )
    -------------------------------------------------------------------------
CODE
  Relative segment, address: CODE_AREA 00000454 - 000004A3 (0x50 bytes), align: 2
  Segment part 29.            Intra module refs:   CreateQuestion()
           ENTRY                   ADDRESS         REF BY
           =====                   =======         ======
           Onno(BOOK_ *, void *)   00000454 
               stack 1 = 00000000 ( 00000004 )
    -------------------------------------------------------------------------
CODE
  Relative segment, address: CODE_AREA 000004A4 - 000004F3 (0x50 bytes), align: 2
  Segment part 31.            Intra module refs:   CreateQuestion()
           ENTRY                   ADDRESS         REF BY
           =====                   =======         ======
           OnYes(BOOK_ *, void *)
                                   000004A4 
               stack 1 = 00000000 ( 00000004 )
    -------------------------------------------------------------------------
CODE
  Relative segment, address: CODE_AREA 000004F4 - 00000547 (0x54 bytes), align: 2
  Segment part 33.            Intra module refs:   CreateQuestion()
           ENTRY                   ADDRESS         REF BY
           =====                   =======         ======
           wakeMsg()               000004F4 
               stack 1 = 00000000 ( 0000001C )
    -------------------------------------------------------------------------
CODE
  Relative segment, address: CODE_AREA 00000548 - 0000054B (0x4 bytes), align: 2
  Segment part 34.            Intra module refs:   OnYes(BOOK_ *, void *)
                                                   Onno(BOOK_ *, void *)
                                                   wakeMsg()
    -------------------------------------------------------------------------
CODE
  Relative segment, address: CODE_AREA 0000054C - 0000054F (0x4 bytes), align: 2
  Segment part 35.            Intra module refs:   OnYes(BOOK_ *, void *)
                                                   Onno(BOOK_ *, void *)
                                                   wakeMsg()
    -------------------------------------------------------------------------
CODE
  Relative segment, address: CODE_AREA 00000550 - 0000064B (0xfc bytes), align: 2
  Segment part 37.            Intra module refs:   loopQuestion()
                                                   onTimer(u16, void *)
           ENTRY                   ADDRESS         REF BY
           =====                   =======         ======
           CreateQuestion()        00000550 
               stack 1 = 00000000 ( 00000038 )
    -------------------------------------------------------------------------
CODE
  Relative segment, address: CODE_AREA 0000064C - 0000064F (0x4 bytes), align: 2
  Segment part 38.            Intra module refs:   CreateQuestion()
                                                   OnYes(BOOK_ *, void *)
                                                   Onno(BOOK_ *, void *)
    -------------------------------------------------------------------------
CODE
  Relative segment, address: CODE_AREA 00000650 - 00000653 (0x4 bytes), align: 2
  Segment part 39.            Intra module refs:   CreateQuestion()
                                                   loopQuestion()
    -------------------------------------------------------------------------
CODE
  Relative segment, address: CODE_AREA 00000654 - 00000657 (0x4 bytes), align: 2
  Segment part 40.            Intra module refs:   CreateQuestion()
                                                   onTimer(u16, void *)
    -------------------------------------------------------------------------
CODE
  Relative segment, address: CODE_AREA 00000658 - 00000683 (0x2c bytes), align: 2
  Segment part 42.            Intra module refs:   Segment part 40
           ENTRY                   ADDRESS         REF BY
           =====                   =======         ======
           isAlarmBook(BOOK_ *)    00000658 
               stack 1 = 00000000 ( 00000004 )
    -------------------------------------------------------------------------
CODE
  Relative segment, address: CODE_AREA 00000684 - 000006AB (0x28 bytes), align: 2
  Segment part 44.            Intra module refs:   main
           ENTRY                   ADDRESS         REF BY
           =====                   =======         ======
           myFind(BOOK_ *)         00000684 
               stack 1 = 00000000 ( 00000004 )
    -------------------------------------------------------------------------
CODE
  Relative segment, address: CODE_AREA 000006AC - 0000070B (0x60 bytes), align: 2
  Segment part 46.            Intra module refs:   Segment part 11
    -------------------------------------------------------------------------
CODE
  Relative segment, address: CODE_AREA 0000070C - 0000070F (0x4 bytes), align: 2
  Segment part 47.            Intra module refs:   ReconfigElf(void *, BOOK_ *)
                                                   onBcfgConfig(void *, BOOK_ *)
    -------------------------------------------------------------------------
CODE
  Relative segment, address: CODE_AREA 00000710 - 00000713 (0x4 bytes), align: 2
  Segment part 48.            Intra module refs:   ReconfigElf(void *, BOOK_ *)
                                                   onBcfgConfig(void *, BOOK_ *)
    -------------------------------------------------------------------------
CODE
  Relative segment, address: CODE_AREA 00000714 - 000007D7 (0xc4 bytes), align: 2
  Segment part 50.
           ENTRY                   ADDRESS         REF BY
           =====                   =======         ======
           main                    00000714        Absolute parts (?ABS_ENTRY_MOD)
               stack 1 = 00000000 ( 00000010 )
    -------------------------------------------------------------------------
CODE
  Relative segment, address: CODE_AREA 000007D8 - 000007DB (0x4 bytes), align: 2
  Segment part 51.            Intra module refs:   main
                                                   onCloseAABook(BOOK_ *)
    -------------------------------------------------------------------------
CODE
  Relative segment, address: CODE_AREA 000007DC - 000007DF (0x4 bytes), align: 2
  Segment part 52.            Intra module refs:   ReconfigElf(void *, BOOK_ *)
                                                   loopQuestion()
                                                   main
                                                   onCloseAABook(BOOK_ *)
                                                   onTimer(u16, void *)
    -------------------------------------------------------------------------
CODE
  Relative segment, address: CODE_AREA 000007E0 - 000007E3 (0x4 bytes), align: 2
  Segment part 53.            Intra module refs:   main
                                                   myFind(BOOK_ *)
    -------------------------------------------------------------------------
CODE
  Relative segment, address: CODE_AREA 000007E4 - 000007E7 (0x4 bytes), align: 2
  Segment part 54.            Intra module refs:   ReconfigElf(void *, BOOK_ *)
                                                   loopQuestion()
                                                   main
                                                   onTimer(u16, void *)
    -------------------------------------------------------------------------
DATA_ID
  Relative segment, address: CODE_AREA 00000008 - 00000023 (0x1c bytes), align: 2
  Segment part 10.            Intra module refs:   Segment part 9
    -------------------------------------------------------------------------
DATA_C
  Relative segment, address: CODE_AREA 0000080C - 00000823 (0x18 bytes), align: 2
  Segment part 2.             Intra module refs:   Segment part 10
    -------------------------------------------------------------------------
DATA_C
  Relative segment, address: CODE_AREA 00000824 - 0000088B (0x68 bytes), align: 2
  Segment part 3.             Intra module refs:   onBcfgConfig(void *, BOOK_ *)
    -------------------------------------------------------------------------
DATA_C
  Relative segment, address: CODE_AREA 0000088C - 000008CB (0x40 bytes), align: 2
  Segment part 4.             Intra module refs:   ShowAuthorInfo(void *, BOOK_ *)
    -------------------------------------------------------------------------
DATA_C
  Relative segment, address: CODE_AREA 000008CC - 000008DF (0x14 bytes), align: 2
  Segment part 5.             Intra module refs:   wakeMsg()
    -------------------------------------------------------------------------
DATA_C
  Relative segment, address: CODE_AREA 000008E0 - 000008FF (0x20 bytes), align: 2
  Segment part 6.             Intra module refs:   CreateQuestion()
    -------------------------------------------------------------------------
DATA_C
  Relative segment, address: CODE_AREA 00000900 - 0000090B (0xc bytes), align: 2
  Segment part 7.             Intra module refs:   isAlarmBook(BOOK_ *)
    -------------------------------------------------------------------------
DATA_C
  Relative segment, address: CODE_AREA 0000090C - 0000094F (0x44 bytes), align: 2
  Segment part 8.             Intra module refs:   Segment part 53
                                                   main




                ****************************************
                *                                      *
                *      SEGMENTS IN ADDRESS ORDER       *
                *                                      *
                ****************************************


SEGMENT              SPACE    START ADDRESS   END ADDRESS     SIZE  TYPE  ALIGN
=======              =====    =============   ===========     ====  ====  =====
ELFBEGIN             CODE_AREA           00000000                     rel    0
DATA_ID              CODE_AREA      00000000 - 00000023          24   rel    2
START                CODE_AREA           00000024                     dse    0
CODE                 CODE_AREA      00000024 - 000007E7         7C4   rel    2
DATA_C               CODE_AREA      000007E8 - 00000951         16A   rel    2
INITTAB              CODE_AREA      00000954 - 0000095F           C   rel    2
DATA_Z               CODE_AREA           00000960                     dse    0
DATA_N               CODE_AREA           00000960                     dse    0
CONFIG_C             CODE_AREA      00000960 - 000010BF         760   rel    2
DYN_CONST            CODE_AREA      000010C0 - 000010D3          14   rel    2
DYN_CONST_DESC       CODE_AREA      000010D4 - 000010D7           4   rel    2
DYN_PAGE             CODE_AREA      000010D8 - 000010FF          28   rel    2
DYN_PAGE_DESC        CODE_AREA      00001100 - 00001103           4   rel    2
DATA_I               DATA_AREA      00000000 - 00000023          24   rel    2

                ****************************************
                *                                      *
                *        END OF CROSS REFERENCE        *
                *                                      *
                ****************************************

 4 354 bytes of CODE memory
    36 bytes of DATA memory

Errors: none
Warnings: none

