################################################################################
#                                                                              #
#      IAR Universal Linker V4.60I/386                                         #
#                                                                              #
#           Link time     =  12/Feb/2011  21:38:19                             #
#           Target CPU    =  ARM                                               #
#           List file     =  "C:\Users\Faby\Desktop\StudyElf\Anoying Alarm\Rel #
#                            ease\List\BcfgExample.map"                        #
#           Output file 1 =  "C:\Users\Faby\Desktop\StudyElf\Anoying Alarm\Rel #
#                            ease\Exe\BcfgExample.elf"                         #
#                            Format: elf, variant: -ynpra                      #
#           Command line  =  "C:\Users\Faby\Desktop\StudyElf\Anoying Alarm\Rel #
#                            ease\Obj\_cpp2.r79"                               #
#                            "C:\Users\Faby\Desktop\StudyElf\Anoying Alarm\Rel #
#                            ease\Obj\conf_loader.r79"                         #
#                            "C:\Users\Faby\Desktop\StudyElf\Anoying Alarm\Rel #
#                            ease\Obj\config_data.r79"                         #
#                            "C:\Users\Faby\Desktop\StudyElf\Anoying Alarm\Rel #
#                            ease\Obj\func.r79"                                #
#                            "C:\Users\Faby\Desktop\StudyElf\Anoying Alarm\Rel #
#                            ease\Obj\main.r79"                                #
#                            -o                                                #
#                            "C:\Users\Faby\Desktop\StudyElf\Anoying Alarm\Rel #
#                            ease\Exe\BcfgExample.elf"                         #
#                            -Felf -l                                          #
#                            "C:\Users\Faby\Desktop\StudyElf\Anoying Alarm\Rel #
#                            ease\List\BcfgExample.map"                        #
#                            -xms                                              #
#                            "-IC:\Users\Faby\EmbebedIAR\Embedded Workbench 4. #
#                            0 Evaluation\ARM\LIB\"                            #
#                            -f                                                #
#                            "C:\Users\Faby\Desktop\StudyElf\Anoying Alarm\..\ #
#                            include\1.xcl"                                    #
#                            (-carm -ynpra -V(CODE)CODE_AREA,12                #
#                            -V(DATA)DATA_AREA,12                              #
#                            -Z(CODE_AREA)ELFBEGIN,DATA_ID,START,CODE,DATA_C,I #
#                            NITTAB,DATA_Z,DATA_N,CONFIG_C,DYN_CONST,DYN_CONST #
#                            _DESC,DYN_PAGE,DYN_PAGE_DESC=0-FFFFFFFF           #
#                            -Z(DATA_AREA)DATA_I=0-FFFFFFFF) -n                #
#                            "C:\Users\Faby\EmbebedIAR\Embedded Workbench 4.0  #
#                            Evaluation\ARM\LIB\dl5tpainl8n.r79"               #
#                            -s main                                           #
#                                                                              #
#                        Copyright 1987-2007 IAR Systems. All rights reserved. #
################################################################################





                ****************************************
                *                                      *
                *           CROSS REFERENCE            *
                *                                      *
                ****************************************

       Program entry at : CODE_AREA 0000054C  Relocatable, from module : main




                ****************************************
                *                                      *
                *            RUNTIME MODEL             *
                *                                      *
                ****************************************

  ARMv4M                 = USED
  ARMv4T                 = USED
  ARMv5T                 = USED
  StackAlign4            = USED
  __cpu_mode             = __pcs__interwork
  __data_model           = absolute
  __dlib_file_descriptor = 1
  __endian               = little
  __rt_version           = 6



                ****************************************
                *                                      *
                *              MODULE MAP              *
                *                                      *
                ****************************************


  DEFINED ABSOLUTE ENTRIES
    *************************************************************************

  DEFINED ABSOLUTE ENTRIES
    *************************************************************************

  FILE NAME : C:\Users\Faby\Desktop\StudyElf\Anoying Alarm\Release\Obj\_cpp2.r79
  PROGRAM MODULE, NAME : _cpp2

  SEGMENTS IN THE MODULE
  ======================
CODE
  Relative segment, address: CODE_AREA 00000028 - 00000033 (0xc bytes), align: 2
  Segment part 3.
           ENTRY                   ADDRESS         REF BY
           =====                   =======         ======
           operator new(size_t)    00000028        main (main)
               stack 1 = 00000000 ( 00000004 )
    -------------------------------------------------------------------------
CODE
  Relative segment, address: CODE_AREA 00000034 - 0000003F (0xc bytes), align: 2
  Segment part 5.
           ENTRY                   ADDRESS         REF BY
           =====                   =======         ======
           operator new[](size_t)
                                   00000034        CreateQuestion() (main)
                                                   LoadConfigData(wchar_t const *, wchar_t const *) (conf_loader)
               stack 1 = 00000000 ( 00000004 )
    -------------------------------------------------------------------------
CODE
  Relative segment, address: CODE_AREA 00000040 - 0000004B (0xc bytes), align: 2
  Segment part 7.
           ENTRY                   ADDRESS         REF BY
           =====                   =======         ======
           operator delete(void *)
                                   00000040        CreateQuestion() (main)
                                                   LoadConfigData(wchar_t const *, wchar_t const *) (conf_loader)
               stack 1 = 00000000 ( 00000004 )

    *************************************************************************

  FILE NAME : C:\Users\Faby\Desktop\StudyElf\Anoying Alarm\Release\Obj\conf_loader.r79
  PROGRAM MODULE, NAME : conf_loader

  SEGMENTS IN THE MODULE
  ======================
DATA_I
  Relative segment, address: DATA_AREA 00000000 - 00000007 (0x8 bytes), align: 2
  Segment part 4.             Intra module refs:   LoadConfigData(wchar_t const *, wchar_t const *)
           ENTRY                   ADDRESS         REF BY
           =====                   =======         ======
           successed_config_name   00000004        ReconfigElf(void *, BOOK_ *) (main)
           successed_config_path   00000000        ReconfigElf(void *, BOOK_ *) (main)
    -------------------------------------------------------------------------
CODE
  Relative segment, address: CODE_AREA 0000004C - 00000167 (0x11c bytes), align: 2
  Segment part 7.             Intra module refs:   InitConfig()
           ENTRY                   ADDRESS         REF BY
           =====                   =======         ======
           LoadConfigData(wchar_t const *, wchar_t const *)
                                   0000004C 
               stack 1 = 00000000 ( 00000040 )
    -------------------------------------------------------------------------
CODE
  Relative segment, address: CODE_AREA 00000168 - 0000019B (0x34 bytes), align: 2
  Segment part 9.
           ENTRY                   ADDRESS         REF BY
           =====                   =======         ======
           InitConfig()            00000168        ReconfigElf(void *, BOOK_ *) (main)
                                                   main (main)
               stack 1 = 00000000 ( 00000004 )
    -------------------------------------------------------------------------
DATA_ID
  Relative segment, address: CODE_AREA 00000000 - 00000007 (0x8 bytes), align: 2
  Segment part 5.             Intra module refs:   Segment part 4
    -------------------------------------------------------------------------
INITTAB
  Relative segment, address: CODE_AREA 000007E8 - 000007F3 (0xc bytes), align: 2
  Segment part 13. ROOT.
           ENTRY                   ADDRESS         REF BY
           =====                   =======         ======
           ?init?tab?DATA_I        000007E8 
    -------------------------------------------------------------------------
DATA_C
  Relative segment, address: CODE_AREA 000007E4 - 000007E5 (0x2 bytes), align: 1
  Segment part 2.             Intra module refs:   Segment part 5
    -------------------------------------------------------------------------
DATA_C
  Relative segment, address: CODE_AREA 00000628 - 0000064B (0x24 bytes), align: 2
  Segment part 3.             Intra module refs:   InitConfig()

    *************************************************************************

  FILE NAME : C:\Users\Faby\Desktop\StudyElf\Anoying Alarm\Release\Obj\config_data.r79
  PROGRAM MODULE, NAME : config_data

  SEGMENTS IN THE MODULE
  ======================
CONFIG_C
  Relative segment, address: CODE_AREA 000007F4 - 0000081F (0x2c bytes), align: 2
  Segment part 2. ROOT.
    -------------------------------------------------------------------------
CONFIG_C
  Relative segment, address: CODE_AREA 00000820 - 00000823 (0x4 bytes), align: 2
  Segment part 3. ROOT.
           ENTRY                   ADDRESS         REF BY
           =====                   =======         ======
           NUMBER_OF_QUESTIONS     00000820        Segment part 33 (main)

    *************************************************************************

  FILE NAME : C:\Users\Faby\Desktop\StudyElf\Anoying Alarm\Release\Obj\func.r79
  PROGRAM MODULE, NAME : func

  SEGMENTS IN THE MODULE
  ======================
ELFBEGIN
  Relative segment, address: CODE_AREA 00000000, align: 0
  Segment part 0. ROOT.
           ENTRY                   ADDRESS         REF BY
           =====                   =======         ======
           ELF_BEGIN               00000000        elf_exit() (main)
    -------------------------------------------------------------------------
CODE
  Relative segment, address: CODE_AREA 0000019C - 000001B3 (0x18 bytes), align: 2
  Segment part 1. ROOT.
           ENTRY                   ADDRESS         REF BY
           =====                   =======         ======
           kill_data               0000019C        elf_exit() (main)
           seqkill                 000001A0 
           ASYNC                   000001B0 
           SYNC                    000001AC 
    -------------------------------------------------------------------------
DYN_CONST
  Relative segment, address: CODE_AREA 00000824 - 00000827 (0x4 bytes), align: 2
  Segment part 527.
           ENTRY                   ADDRESS         REF BY
           =====                   =======         ======
           VAR_ARG_BOOK            00000824        CreateQuestion() (main)
    -------------------------------------------------------------------------
DYN_CONST
  Relative segment, address: CODE_AREA 00000828 - 0000082B (0x4 bytes), align: 2
  Segment part 544.
           ENTRY                   ADDRESS         REF BY
           =====                   =======         ======
           VAR_ARG_YESNO_PRE_QUESTION
                                   00000828        CreateQuestion() (main)
    -------------------------------------------------------------------------
DYN_CONST
  Relative segment, address: CODE_AREA 0000082C - 0000082F (0x4 bytes), align: 2
  Segment part 545.
           ENTRY                   ADDRESS         REF BY
           =====                   =======         ======
           VAR_ARG_YESNO_QUESTION
                                   0000082C        CreateQuestion() (main)
    -------------------------------------------------------------------------
DYN_CONST
  Relative segment, address: CODE_AREA 00000830 - 00000833 (0x4 bytes), align: 2
  Segment part 546.
           ENTRY                   ADDRESS         REF BY
           =====                   =======         ======
           VAR_ARG_YESNO_YES_ACTION
                                   00000830        CreateQuestion() (main)
    -------------------------------------------------------------------------
DYN_CONST
  Relative segment, address: CODE_AREA 00000834 - 00000837 (0x4 bytes), align: 2
  Segment part 547.
           ENTRY                   ADDRESS         REF BY
           =====                   =======         ======
           VAR_ARG_YESNO_NO_ACTION
                                   00000834        CreateQuestion() (main)
    -------------------------------------------------------------------------
DYN_CONST_DESC
  Relative segment, address: CODE_AREA 00000838 - 0000083B (0x4 bytes), align: 2
  Segment part 561. ROOT.
    -------------------------------------------------------------------------
DYN_PAGE
  Relative segment, address: CODE_AREA 0000083C, align: 2
  Segment part 562.
    -------------------------------------------------------------------------
DYN_PAGE_DESC
  Relative segment, address: CODE_AREA 0000085C - 0000085F (0x4 bytes), align: 2
  Segment part 563. ROOT.

    *************************************************************************

  FILE NAME : C:\Users\Faby\Desktop\StudyElf\Anoying Alarm\Release\Obj\main.r79
  PROGRAM MODULE, NAME : main

  SEGMENTS IN THE MODULE
  ======================
CODE
  Relative segment, address: CODE_AREA 000001B4 - 000001C7 (0x14 bytes), align: 2
  Segment part 12.            Intra module refs:   Segment part 10
           ENTRY                   ADDRESS         REF BY
           =====                   =======         ======
           TerminateElf(void *, BOOK_ *)
                                   000001B4 
               stack 1 = 00000000 ( 00000004 )
    -------------------------------------------------------------------------
CODE
  Relative segment, address: CODE_AREA 000001C8 - 00000217 (0x50 bytes), align: 2
  Segment part 14.            Intra module refs:   Segment part 46
           ENTRY                   ADDRESS         REF BY
           =====                   =======         ======
           onTimer(u16, void *)    000001C8 
               stack 1 = 00000000 ( 00000004 )
    -------------------------------------------------------------------------
CODE
  Relative segment, address: CODE_AREA 00000218 - 00000267 (0x50 bytes), align: 2
  Segment part 16.            Intra module refs:   Segment part 10
           ENTRY                   ADDRESS         REF BY
           =====                   =======         ======
           ShowAuthorInfo(void *, BOOK_ *)
                                   00000218 
               stack 1 = 00000000 ( 00000014 )
    -------------------------------------------------------------------------
DYN_PAGE
  Relative segment, address: CODE_AREA 0000083C - 0000085B (0x20 bytes), align: 2
  Segment part 10.            Intra module refs:   Segment part 9
    -------------------------------------------------------------------------
DATA_I
  Relative segment, address: DATA_AREA 00000008 - 00000027 (0x20 bytes), align: 2
  Segment part 8.             Intra module refs:   Segment part 29
                                                   Segment part 32
                                                   Segment part 44
                                                   loopQuestion()
                                                   onTimer(u16, void *)
           ENTRY                   ADDRESS         REF BY
           =====                   =======         ======
           AABook                  0000000C 
           base_page               0000001C 
           contador                00000014 
           runing                  00000018 
           teste                   00000010 
           timer                   00000008 
    -------------------------------------------------------------------------
CODE
  Relative segment, address: CODE_AREA 00000268 - 00000283 (0x1c bytes), align: 2
  Segment part 18.            Intra module refs:   Segment part 43
           ENTRY                   ADDRESS         REF BY
           =====                   =======         ======
           elf_exit()              00000268 
               stack 1 = 00000000 ( 00000004 )
    -------------------------------------------------------------------------
CODE
  Relative segment, address: CODE_AREA 00000284 - 000002A3 (0x20 bytes), align: 2
  Segment part 20.            Intra module refs:   main
           ENTRY                   ADDRESS         REF BY
           =====                   =======         ======
           onCloseAABook(BOOK_ *)
                                   00000284 
               stack 1 = 00000000 ( 00000004 )
    -------------------------------------------------------------------------
CODE
  Relative segment, address: CODE_AREA 000002A4 - 000002E3 (0x40 bytes), align: 2
  Segment part 22.            Intra module refs:   OnYes(BOOK_ *, void *)
                                                   Onno(BOOK_ *, void *)
           ENTRY                   ADDRESS         REF BY
           =====                   =======         ======
           loopQuestion()          000002A4 
               stack 1 = 00000000 ( 00000008 )
    -------------------------------------------------------------------------
CODE
  Relative segment, address: CODE_AREA 000002E4 - 000002F3 (0x10 bytes), align: 2
  Segment part 24.            Intra module refs:   CreateQuestion()
           ENTRY                   ADDRESS         REF BY
           =====                   =======         ======
           Onno(BOOK_ *, void *)   000002E4 
               stack 1 = 00000000 ( 00000004 )
    -------------------------------------------------------------------------
CODE
  Relative segment, address: CODE_AREA 000002F4 - 000002F7 (0x4 bytes), align: 2
  Segment part 26.            Intra module refs:   CreateQuestion()
           ENTRY                   ADDRESS         REF BY
           =====                   =======         ======
           OnYes(BOOK_ *, void *)
                                   000002F4 
               stack 1 = 00000000 ( 00000004 )
    -------------------------------------------------------------------------
CODE
  Relative segment, address: CODE_AREA 000002F8 - 00000383 (0x8c bytes), align: 2
  Segment part 28.            Intra module refs:   CreateQuestion()
           ENTRY                   ADDRESS         REF BY
           =====                   =======         ======
           wakeMsg()               000002F8 
    -------------------------------------------------------------------------
CODE
  Relative segment, address: CODE_AREA 00000384 - 00000387 (0x4 bytes), align: 2
  Segment part 29.            Intra module refs:   Onno(BOOK_ *, void *)
                                                   wakeMsg()
    -------------------------------------------------------------------------
CODE
  Relative segment, address: CODE_AREA 00000388 - 00000483 (0xfc bytes), align: 2
  Segment part 31.            Intra module refs:   loopQuestion()
                                                   onTimer(u16, void *)
           ENTRY                   ADDRESS         REF BY
           =====                   =======         ======
           CreateQuestion()        00000388 
               stack 1 = 00000000 ( 00000038 )
    -------------------------------------------------------------------------
CODE
  Relative segment, address: CODE_AREA 00000484 - 00000487 (0x4 bytes), align: 2
  Segment part 32.            Intra module refs:   CreateQuestion()
                                                   loopQuestion()
    -------------------------------------------------------------------------
CODE
  Relative segment, address: CODE_AREA 00000488 - 0000048B (0x4 bytes), align: 2
  Segment part 33.            Intra module refs:   CreateQuestion()
                                                   loopQuestion()
    -------------------------------------------------------------------------
CODE
  Relative segment, address: CODE_AREA 0000048C - 0000048F (0x4 bytes), align: 2
  Segment part 34.            Intra module refs:   CreateQuestion()
                                                   onTimer(u16, void *)
    -------------------------------------------------------------------------
CODE
  Relative segment, address: CODE_AREA 00000490 - 000004BB (0x2c bytes), align: 2
  Segment part 36.            Intra module refs:   Segment part 34
           ENTRY                   ADDRESS         REF BY
           =====                   =======         ======
           isAlarmBook(BOOK_ *)    00000490 
               stack 1 = 00000000 ( 00000004 )
    -------------------------------------------------------------------------
CODE
  Relative segment, address: CODE_AREA 000004BC - 000004E3 (0x28 bytes), align: 2
  Segment part 38.            Intra module refs:   main
           ENTRY                   ADDRESS         REF BY
           =====                   =======         ======
           myFind(BOOK_ *)         000004BC 
               stack 1 = 00000000 ( 00000004 )
    -------------------------------------------------------------------------
CODE
  Relative segment, address: CODE_AREA 000004E4 - 0000054B (0x68 bytes), align: 2
  Segment part 40.            Intra module refs:   Segment part 10
    -------------------------------------------------------------------------
CODE
  Relative segment, address: CODE_AREA 0000054C - 00000617 (0xcc bytes), align: 2
  Segment part 42.
           ENTRY                   ADDRESS         REF BY
           =====                   =======         ======
           main                    0000054C        Absolute parts (?ABS_ENTRY_MOD)
               stack 1 = 00000000 ( 00000010 )
    -------------------------------------------------------------------------
CODE
  Relative segment, address: CODE_AREA 00000618 - 0000061B (0x4 bytes), align: 2
  Segment part 43.            Intra module refs:   main
                                                   onCloseAABook(BOOK_ *)
    -------------------------------------------------------------------------
CODE
  Relative segment, address: CODE_AREA 0000061C - 0000061F (0x4 bytes), align: 2
  Segment part 44.            Intra module refs:   ReconfigElf(void *, BOOK_ *)
                                                   main
                                                   onCloseAABook(BOOK_ *)
                                                   onTimer(u16, void *)
    -------------------------------------------------------------------------
CODE
  Relative segment, address: CODE_AREA 00000620 - 00000623 (0x4 bytes), align: 2
  Segment part 45.            Intra module refs:   main
                                                   myFind(BOOK_ *)
    -------------------------------------------------------------------------
CODE
  Relative segment, address: CODE_AREA 00000624 - 00000627 (0x4 bytes), align: 2
  Segment part 46.            Intra module refs:   ReconfigElf(void *, BOOK_ *)
                                                   main
                                                   onTimer(u16, void *)
    -------------------------------------------------------------------------
DATA_ID
  Relative segment, address: CODE_AREA 00000008 - 00000027 (0x20 bytes), align: 2
  Segment part 9.             Intra module refs:   Segment part 8
    -------------------------------------------------------------------------
DATA_C
  Relative segment, address: CODE_AREA 0000064C - 00000663 (0x18 bytes), align: 2
  Segment part 2.             Intra module refs:   Segment part 9
    -------------------------------------------------------------------------
DATA_C
  Relative segment, address: CODE_AREA 00000664 - 00000697 (0x34 bytes), align: 2
  Segment part 3.             Intra module refs:   ShowAuthorInfo(void *, BOOK_ *)
    -------------------------------------------------------------------------
DATA_C
  Relative segment, address: CODE_AREA 00000698 - 00000773 (0xdc bytes), align: 2
  Segment part 4.             Intra module refs:   wakeMsg()
    -------------------------------------------------------------------------
DATA_C
  Relative segment, address: CODE_AREA 00000774 - 00000793 (0x20 bytes), align: 2
  Segment part 5.             Intra module refs:   CreateQuestion()
    -------------------------------------------------------------------------
DATA_C
  Relative segment, address: CODE_AREA 00000794 - 0000079F (0xc bytes), align: 2
  Segment part 6.             Intra module refs:   isAlarmBook(BOOK_ *)
    -------------------------------------------------------------------------
DATA_C
  Relative segment, address: CODE_AREA 000007A0 - 000007E3 (0x44 bytes), align: 2
  Segment part 7.             Intra module refs:   Segment part 45
                                                   main




                ****************************************
                *                                      *
                *      SEGMENTS IN ADDRESS ORDER       *
                *                                      *
                ****************************************


SEGMENT              SPACE    START ADDRESS   END ADDRESS     SIZE  TYPE  ALIGN
=======              =====    =============   ===========     ====  ====  =====
ELFBEGIN             CODE_AREA           00000000                     rel    0
DATA_ID              CODE_AREA      00000000 - 00000027          28   rel    2
START                CODE_AREA           00000028                     dse    0
CODE                 CODE_AREA      00000028 - 00000627         600   rel    2
DATA_C               CODE_AREA      00000628 - 000007E5         1BE   rel    2
INITTAB              CODE_AREA      000007E8 - 000007F3           C   rel    2
DATA_Z               CODE_AREA           000007F4                     dse    0
DATA_N               CODE_AREA           000007F4                     dse    0
CONFIG_C             CODE_AREA      000007F4 - 00000823          30   rel    2
DYN_CONST            CODE_AREA      00000824 - 00000837          14   rel    2
DYN_CONST_DESC       CODE_AREA      00000838 - 0000083B           4   rel    2
DYN_PAGE             CODE_AREA      0000083C - 0000085B          20   rel    2
DYN_PAGE_DESC        CODE_AREA      0000085C - 0000085F           4   rel    2
DATA_I               DATA_AREA      00000000 - 00000027          28   rel    2

                ****************************************
                *                                      *
                *        END OF CROSS REFERENCE        *
                *                                      *
                ****************************************

 2 142 bytes of CODE memory
    40 bytes of DATA memory

Errors: none
Warnings: none

